Using pre-set license
Built from '2022.3/staging' branch; Version is '2022.3.14f1 (eff2de9070d8) revision 15725278'; Using compiler version '192829333'; Build Type 'Release'
OS: 'Windows 11  (10.0.22621) 64bit Professional' Language: 'en' Physical Memory: 16085 MB
BatchMode: 1, IsHumanControllingUs: 0, StartBugReporterOnCrash: 0, Is64bit: 1, IsPro: 1

COMMAND LINE ARGUMENTS:
C:\Program Files\Unity\Hub\Editor\2022.3.14f1\Editor\Unity.exe
-adb2
-batchMode
-noUpm
-name
AssetImportWorker4
-projectPath
D:/Unity (D)/HARDECK_REPO/HARDECK_REPO/HARDECK
-logFile
Logs/AssetImportWorker4.log
-srvPort
61441
Successfully changed project path to: D:/Unity (D)/HARDECK_REPO/HARDECK_REPO/HARDECK
D:/Unity (D)/HARDECK_REPO/HARDECK_REPO/HARDECK
[UnityMemory] Configuration Parameters - Can be set up in boot.config
    "memorysetup-bucket-allocator-granularity=16"
    "memorysetup-bucket-allocator-bucket-count=8"
    "memorysetup-bucket-allocator-block-size=33554432"
    "memorysetup-bucket-allocator-block-count=8"
    "memorysetup-main-allocator-block-size=16777216"
    "memorysetup-thread-allocator-block-size=16777216"
    "memorysetup-gfx-main-allocator-block-size=16777216"
    "memorysetup-gfx-thread-allocator-block-size=16777216"
    "memorysetup-cache-allocator-block-size=4194304"
    "memorysetup-typetree-allocator-block-size=2097152"
    "memorysetup-profiler-bucket-allocator-granularity=16"
    "memorysetup-profiler-bucket-allocator-bucket-count=8"
    "memorysetup-profiler-bucket-allocator-block-size=33554432"
    "memorysetup-profiler-bucket-allocator-block-count=8"
    "memorysetup-profiler-allocator-block-size=16777216"
    "memorysetup-profiler-editor-allocator-block-size=1048576"
    "memorysetup-temp-allocator-size-main=16777216"
    "memorysetup-job-temp-allocator-block-size=2097152"
    "memorysetup-job-temp-allocator-block-size-background=1048576"
    "memorysetup-job-temp-allocator-reduction-small-platforms=262144"
    "memorysetup-allocator-temp-initial-block-size-main=262144"
    "memorysetup-allocator-temp-initial-block-size-worker=262144"
    "memorysetup-temp-allocator-size-background-worker=32768"
    "memorysetup-temp-allocator-size-job-worker=262144"
    "memorysetup-temp-allocator-size-preload-manager=33554432"
    "memorysetup-temp-allocator-size-nav-mesh-worker=65536"
    "memorysetup-temp-allocator-size-audio-worker=65536"
    "memorysetup-temp-allocator-size-cloud-worker=32768"
    "memorysetup-temp-allocator-size-gi-baking-worker=262144"
    "memorysetup-temp-allocator-size-gfx=262144"
Player connection [31312] Host "[IP] 172.29.80.1 [Port] 0 [Flags] 2 [Guid] 3710510328 [EditorId] 3710510328 [Version] 1048832 [Id] WindowsEditor(7,LeMasterMSI) [Debug] 1 [PackageName] WindowsEditor [ProjectName] Editor" joined multi-casting on [225.0.0.222:54997]...

Player connection [31312] Host "[IP] 172.29.80.1 [Port] 0 [Flags] 2 [Guid] 3710510328 [EditorId] 3710510328 [Version] 1048832 [Id] WindowsEditor(7,LeMasterMSI) [Debug] 1 [PackageName] WindowsEditor [ProjectName] Editor" joined alternative multi-casting on [225.0.0.222:34997]...

[Physics::Module] Initialized MultithreadedJobDispatcher with 15 workers.
Refreshing native plugins compatible for Editor in 5.96 ms, found 3 plugins.
Preloading 0 native plugins for Editor in 0.00 ms.
Initialize engine version: 2022.3.14f1 (eff2de9070d8)
[Subsystems] Discovering subsystems at path C:/Program Files/Unity/Hub/Editor/2022.3.14f1/Editor/Data/Resources/UnitySubsystems
[Subsystems] Discovering subsystems at path D:/Unity (D)/HARDECK_REPO/HARDECK_REPO/HARDECK/Assets
GfxDevice: creating device client; threaded=0; jobified=0
Direct3D:
    Version:  Direct3D 11.0 [level 11.1]
    Renderer: NVIDIA GeForce RTX 3080 Laptop GPU (ID=0x249c)
    Vendor:   NVIDIA
    VRAM:     16191 MB
    Driver:   31.0.15.4617
Initialize mono
Mono path[0] = 'C:/Program Files/Unity/Hub/Editor/2022.3.14f1/Editor/Data/Managed'
Mono path[1] = 'C:/Program Files/Unity/Hub/Editor/2022.3.14f1/Editor/Data/MonoBleedingEdge/lib/mono/unityjit-win32'
Mono config path = 'C:/Program Files/Unity/Hub/Editor/2022.3.14f1/Editor/Data/MonoBleedingEdge/etc'
Using monoOptions --debugger-agent=transport=dt_socket,embedding=1,server=y,suspend=n,address=127.0.0.1:56144
Begin MonoManager ReloadAssembly
Registering precompiled unity dll's ...
Register platform support module: C:/Program Files/Unity/Hub/Editor/2022.3.14f1/Editor/Data/PlaybackEngines/AndroidPlayer/UnityEditor.Android.Extensions.dll
Register platform support module: C:/Program Files/Unity/Hub/Editor/2022.3.14f1/Editor/Data/PlaybackEngines/iOSSupport/UnityEditor.iOS.Extensions.dll
Register platform support module: C:/Program Files/Unity/Hub/Editor/2022.3.14f1/Editor/Data/PlaybackEngines/WindowsStandaloneSupport/UnityEditor.WindowsStandalone.Extensions.dll
Registered in 0.008508 seconds.
- Loaded All Assemblies, in  0.309 seconds
Native extension for WindowsStandalone target not found
[usbmuxd] Start listen thread
[usbmuxd] Listen thread started
[usbmuxd] Send listen message
Native extension for iOS target not found
Native extension for Android target not found
Android Extension - Scanning For ADB Devices 502 ms
Mono: successfully reloaded assembly
- Finished resetting the current domain, in  0.791 seconds
Domain Reload Profiling: 1099ms
	BeginReloadAssembly (90ms)
		ExecutionOrderSort (0ms)
		DisableScriptedObjects (0ms)
		BackupInstance (0ms)
		ReleaseScriptingObjects (0ms)
		CreateAndSetChildDomain (1ms)
	RebuildCommonClasses (30ms)
	RebuildNativeTypeToScriptingClass (9ms)
	initialDomainReloadingComplete (50ms)
	LoadAllAssembliesAndSetupDomain (129ms)
		LoadAssemblies (89ms)
		RebuildTransferFunctionScriptingTraits (0ms)
		AnalyzeDomain (127ms)
			TypeCache.Refresh (125ms)
				TypeCache.ScanAssembly (113ms)
			ScanForSourceGeneratedMonoScriptInfo (0ms)
			ResolveRequiredComponents (1ms)
	FinalizeReload (792ms)
		ReleaseScriptCaches (0ms)
		RebuildScriptCaches (0ms)
		SetupLoadedEditorAssemblies (743ms)
			LogAssemblyErrors (0ms)
			InitializePlatformSupportModulesInManaged (611ms)
			SetLoadedEditorAssemblies (3ms)
			RefreshPlugins (0ms)
			BeforeProcessingInitializeOnLoad (2ms)
			ProcessInitializeOnLoadAttributes (87ms)
			ProcessInitializeOnLoadMethodAttributes (39ms)
			AfterProcessingInitializeOnLoad (0ms)
			EditorAssembliesLoaded (0ms)
		ExecutionOrderSort2 (0ms)
		AwakeInstancesAfterBackupRestoration (0ms)
========================================================================
Worker process is ready to serve import requests
Begin MonoManager ReloadAssembly
- Loaded All Assemblies, in  0.519 seconds
Refreshing native plugins compatible for Editor in 1.74 ms, found 3 plugins.
Native extension for WindowsStandalone target not found
Native extension for iOS target not found
Native extension for Android target not found
Package Manager log level set to [2]
[Package Manager] Server::EnsureServerProcessIsRunning -- launch failed, reason: Unity was launched with the -noUpm command-line argument
[Package Manager] UpmClient::Send -- Unable to send message (not connected to UPM process).
[Package Manager] Cannot connect to Unity Package Manager local server
Mono: successfully reloaded assembly
- Finished resetting the current domain, in  0.455 seconds
Domain Reload Profiling: 972ms
	BeginReloadAssembly (132ms)
		ExecutionOrderSort (0ms)
		DisableScriptedObjects (4ms)
		BackupInstance (0ms)
		ReleaseScriptingObjects (0ms)
		CreateAndSetChildDomain (21ms)
	RebuildCommonClasses (28ms)
	RebuildNativeTypeToScriptingClass (9ms)
	initialDomainReloadingComplete (35ms)
	LoadAllAssembliesAndSetupDomain (313ms)
		LoadAssemblies (228ms)
		RebuildTransferFunctionScriptingTraits (0ms)
		AnalyzeDomain (160ms)
			TypeCache.Refresh (143ms)
				TypeCache.ScanAssembly (127ms)
			ScanForSourceGeneratedMonoScriptInfo (12ms)
			ResolveRequiredComponents (3ms)
	FinalizeReload (455ms)
		ReleaseScriptCaches (0ms)
		RebuildScriptCaches (0ms)
		SetupLoadedEditorAssemblies (318ms)
			LogAssemblyErrors (0ms)
			InitializePlatformSupportModulesInManaged (28ms)
			SetLoadedEditorAssemblies (3ms)
			RefreshPlugins (0ms)
			BeforeProcessingInitializeOnLoad (47ms)
			ProcessInitializeOnLoadAttributes (219ms)
			ProcessInitializeOnLoadMethodAttributes (16ms)
			AfterProcessingInitializeOnLoad (5ms)
			EditorAssembliesLoaded (0ms)
		ExecutionOrderSort2 (0ms)
		AwakeInstancesAfterBackupRestoration (5ms)
Launched and connected shader compiler UnityShaderCompiler.exe after 0.04 seconds
Refreshing native plugins compatible for Editor in 1.50 ms, found 3 plugins.
Preloading 0 native plugins for Editor in 0.00 ms.
Unloading 3119 Unused Serialized files (Serialized files now loaded: 0)
Unloading 32 unused Assets / (57.1 KB). Loaded Objects now: 3590.
Memory consumption went from 132.9 MB to 132.8 MB.
Total: 2.906200 ms (FindLiveObjects: 0.279400 ms CreateObjectMapping: 0.118100 ms MarkObjects: 2.389800 ms  DeleteObjects: 0.117800 ms)

AssetImportParameters requested are different than current active one (requested -> active):
  custom:container-demuxer-ogg: 62fdf1f143b41e24485cea50d1cbac27 -> 
  custom:video-decoder-ogg-theora: a1e56fd34408186e4bbccfd4996cb3dc -> 
  custom:framework-win-MediaFoundation: 216162199b28c13a410421893ffa2e32 -> 
  custom:CustomObjectIndexerAttribute: 756ad292c208cfabdd7b50bc23989ffe -> 
  custom:container-demuxer-webm: 4f35f7cbe854078d1ac9338744f61a02 -> 
  custom:container-muxer-webm: aa71ff27fc2769a1b78a27578f13a17b -> 
  custom:video-decoder-webm-vp8: 9c59270c3fd7afecdb556c50c9e8de78 -> 
  custom:SearchIndexIgnoredProperties: e643bd26f0fe6173181afceb89e7c659 -> 
  custom:AudioImporter_EditorPlatform: d09bf68614088b80899f8185d706f6e7 -> 
  custom:video-encoder-webm-vp8: eb34c28f22e8b96e1ab97ce403110664 -> 
  custom:audio-decoder-ogg-vorbis: bf7c407c2cedff20999df2af8eb42d56 -> 
  custom:audio-encoder-webm-vorbis: bf7c407c2cedff20999df2af8eb42d56 -> 
========================================================================
Received Import Request.
  Time since last request: 938320.665118 seconds.
  path: Assets/Materials/Colors/Brown 1.mat
  artifactKey: Guid(26139b7fc52c0064f902a3e01c74af69) Importer(815301076,1909f56bfc062723c751e8b465ee728b)
Start importing Assets/Materials/Colors/Brown 1.mat using Guid(26139b7fc52c0064f902a3e01c74af69) Importer(815301076,1909f56bfc062723c751e8b465ee728b)  -> (artifact id: 'e0f17c71684df403cdcb7b3e654ec06e') in 0.079022 seconds
Number of updated asset objects reloaded before import = 0
Number of asset objects unloaded after import = 1
========================================================================
Received Import Request.
  Time since last request: 38.869873 seconds.
  path: Assets/Prefabs
  artifactKey: Guid(e885319bb6a3cf44080d8f00f0fe7784) Importer(815301076,1909f56bfc062723c751e8b465ee728b)
Start importing Assets/Prefabs using Guid(e885319bb6a3cf44080d8f00f0fe7784) Importer(815301076,1909f56bfc062723c751e8b465ee728b)  -> (artifact id: '75b998cde7ec03e5148e5a2a761439a1') in 0.000420 seconds
Number of updated asset objects reloaded before import = 0
Number of asset objects unloaded after import = 0
========================================================================
Received Import Request.
  Time since last request: 5.615092 seconds.
  path: Assets/Resources/GFXOBJs/Desert
  artifactKey: Guid(3e9ab8dc231914848a3180335d183597) Importer(815301076,1909f56bfc062723c751e8b465ee728b)
Start importing Assets/Resources/GFXOBJs/Desert using Guid(3e9ab8dc231914848a3180335d183597) Importer(815301076,1909f56bfc062723c751e8b465ee728b)  -> (artifact id: 'f0cb310295d597f1523020ba5cc842db') in 0.000442 seconds
Number of updated asset objects reloaded before import = 0
Number of asset objects unloaded after import = 0
========================================================================
Received Import Request.
  Time since last request: 0.066832 seconds.
  path: Assets/Resources/GFXOBJs/Desert/GroundBlock.prefab
  artifactKey: Guid(c81664d7bb56964488f8c8f9ba0c1a72) Importer(815301076,1909f56bfc062723c751e8b465ee728b)
Start importing Assets/Resources/GFXOBJs/Desert/GroundBlock.prefab using Guid(c81664d7bb56964488f8c8f9ba0c1a72) Importer(815301076,1909f56bfc062723c751e8b465ee728b)  -> (artifact id: '71828dfea765cd60ec3d2b517f15aad2') in 0.095948 seconds
Number of updated asset objects reloaded before import = 0
Number of asset objects unloaded after import = 18
========================================================================
Received Import Request.
  Time since last request: 2.309282 seconds.
  path: Assets/Resources/GFXOBJs/Desert/Ramp_DesertGFX.prefab
  artifactKey: Guid(be3820e644869514e8fe2a92706b57e7) Importer(815301076,1909f56bfc062723c751e8b465ee728b)
Start importing Assets/Resources/GFXOBJs/Desert/Ramp_DesertGFX.prefab using Guid(be3820e644869514e8fe2a92706b57e7) Importer(815301076,1909f56bfc062723c751e8b465ee728b)  -> (artifact id: '905692b925f8800a9cb406c2c5eb0bdf') in 0.012069 seconds
Number of updated asset objects reloaded before import = 0
Number of asset objects unloaded after import = 19
========================================================================
Received Import Request.
  Time since last request: 10.266587 seconds.
  path: Assets/TextMesh Pro
  artifactKey: Guid(f54d1bd14bd3ca042bd867b519fee8cc) Importer(815301076,1909f56bfc062723c751e8b465ee728b)
Start importing Assets/TextMesh Pro using Guid(f54d1bd14bd3ca042bd867b519fee8cc) Importer(815301076,1909f56bfc062723c751e8b465ee728b)  -> (artifact id: '30796653c4dfc1f2480bca9d8b60487c') in 0.000544 seconds
Number of updated asset objects reloaded before import = 0
Number of asset objects unloaded after import = 0
========================================================================
Received Import Request.
  Time since last request: 0.666984 seconds.
  path: Assets/Textures
  artifactKey: Guid(e6cdc1b2ed4a9f642b30aa626b89b1a4) Importer(815301076,1909f56bfc062723c751e8b465ee728b)
Start importing Assets/Textures using Guid(e6cdc1b2ed4a9f642b30aa626b89b1a4) Importer(815301076,1909f56bfc062723c751e8b465ee728b)  -> (artifact id: '47c028cfd6a4abcb82e39b771503d988') in 0.000418 seconds
Number of updated asset objects reloaded before import = 0
Number of asset objects unloaded after import = 0
========================================================================
Received Import Request.
  Time since last request: 2.030943 seconds.
  path: Assets/Textures/WoodDark
  artifactKey: Guid(ad392548ccf36d446b065cb4693550c3) Importer(815301076,1909f56bfc062723c751e8b465ee728b)
Start importing Assets/Textures/WoodDark using Guid(ad392548ccf36d446b065cb4693550c3) Importer(815301076,1909f56bfc062723c751e8b465ee728b)  -> (artifact id: 'c4369706bcad34da288b342f87f20602') in 0.000415 seconds
Number of updated asset objects reloaded before import = 0
Number of asset objects unloaded after import = 0
========================================================================
Received Import Request.
  Time since last request: 0.072138 seconds.
  path: Assets/Textures/WoodDark/Wood051_2K_Color.jpg
  artifactKey: Guid(476a35a57291b1244a4ef4a0fcdde77d) Importer(815301076,1909f56bfc062723c751e8b465ee728b)
Start importing Assets/Textures/WoodDark/Wood051_2K_Color.jpg using Guid(476a35a57291b1244a4ef4a0fcdde77d) Importer(815301076,1909f56bfc062723c751e8b465ee728b)  -> (artifact id: 'ba861209ec5aa174eb103599a2cc0317') in 0.026628 seconds
Number of updated asset objects reloaded before import = 0
Number of asset objects unloaded after import = 2
========================================================================
Received Import Request.
  Time since last request: 0.000044 seconds.
  path: Assets/Textures/WoodDark/Wood051_2K_Roughness.jpg
  artifactKey: Guid(54e8a68ffde7dcf4c87b89020b93d12e) Importer(815301076,1909f56bfc062723c751e8b465ee728b)
Start importing Assets/Textures/WoodDark/Wood051_2K_Roughness.jpg using Guid(54e8a68ffde7dcf4c87b89020b93d12e) Importer(815301076,1909f56bfc062723c751e8b465ee728b)  -> (artifact id: '01b6e6fb029e3615ae25385d7a773003') in 0.018723 seconds
Number of updated asset objects reloaded before import = 0
Number of asset objects unloaded after import = 2
========================================================================
Received Import Request.
  Time since last request: 0.821693 seconds.
  path: Assets/Textures/WoodDark/Materials
  artifactKey: Guid(7ff3e08b43f14bf4aaba52d75d4ce107) Importer(815301076,1909f56bfc062723c751e8b465ee728b)
Start importing Assets/Textures/WoodDark/Materials using Guid(7ff3e08b43f14bf4aaba52d75d4ce107) Importer(815301076,1909f56bfc062723c751e8b465ee728b)  -> (artifact id: 'e772b9d50852f6fc88042a6c29a3dc9d') in 0.000483 seconds
Number of updated asset objects reloaded before import = 0
Number of asset objects unloaded after import = 0
========================================================================
Received Import Request.
  Time since last request: 0.044370 seconds.
  path: Assets/Textures/WoodDark/Materials/Wood051_2K_Color.mat
  artifactKey: Guid(fc4b83062f7fe1c43add5a650ea8de68) Importer(815301076,1909f56bfc062723c751e8b465ee728b)
Start importing Assets/Textures/WoodDark/Materials/Wood051_2K_Color.mat using Guid(fc4b83062f7fe1c43add5a650ea8de68) Importer(815301076,1909f56bfc062723c751e8b465ee728b)  -> (artifact id: '6b11ded47c9938bc5a7a37d7350ee210') in 0.013792 seconds
Number of updated asset objects reloaded before import = 0
Number of asset objects unloaded after import = 2
========================================================================
Received Import Request.
  Time since last request: 38.287344 seconds.
  path: Assets/Prefabs/OverlayTile.prefab
  artifactKey: Guid(c707e4c3035cbdf47bb65a0398862976) Importer(815301076,1909f56bfc062723c751e8b465ee728b)
Start importing Assets/Prefabs/OverlayTile.prefab using Guid(c707e4c3035cbdf47bb65a0398862976) Importer(815301076,1909f56bfc062723c751e8b465ee728b)  -> (artifact id: '9d169852b363aa40bac708273a6db1a6') in 0.015674 seconds
Number of updated asset objects reloaded before import = 0
Number of asset objects unloaded after import = 17
========================================================================
Received Import Request.
  Time since last request: 17.435726 seconds.
  path: Assets/Sprites/Square.png
  artifactKey: Guid(5b2781aa078d4884db1f706aabfb9e18) Importer(815301076,1909f56bfc062723c751e8b465ee728b)
Start importing Assets/Sprites/Square.png using Guid(5b2781aa078d4884db1f706aabfb9e18) Importer(815301076,1909f56bfc062723c751e8b465ee728b)  -> (artifact id: 'bcf05fabb27882827cdaeb27e1c23609') in 0.029388 seconds
Number of updated asset objects reloaded before import = 0
Number of asset objects unloaded after import = 3
========================================================================
Received Import Request.
  Time since last request: 1.558620 seconds.
  path: Assets/Scenes/Menu/ReflectionProbe-0.exr
  artifactKey: Guid(90537d802419ae348ae00d82476c14ab) Importer(815301076,1909f56bfc062723c751e8b465ee728b)
Start importing Assets/Scenes/Menu/ReflectionProbe-0.exr using Guid(90537d802419ae348ae00d82476c14ab) Importer(815301076,1909f56bfc062723c751e8b465ee728b)  -> (artifact id: 'a8ad7bcce6e7847fe9a861783b8d54f0') in 0.024778 seconds
Number of updated asset objects reloaded before import = 0
Number of asset objects unloaded after import = 1
========================================================================
Received Import Request.
  Time since last request: 0.000017 seconds.
  path: Assets/TextMesh Pro/Resources/Fonts & Materials/LiberationSans SDF - Fallback.asset
  artifactKey: Guid(2e498d1c8094910479dc3e1b768306a4) Importer(815301076,1909f56bfc062723c751e8b465ee728b)
Start importing Assets/TextMesh Pro/Resources/Fonts & Materials/LiberationSans SDF - Fallback.asset using Guid(2e498d1c8094910479dc3e1b768306a4) Importer(815301076,1909f56bfc062723c751e8b465ee728b)  -> (artifact id: '08c940420d9909aeab7db16e490f6731') in 0.040047 seconds
Number of updated asset objects reloaded before import = 0
Number of asset objects unloaded after import = 6
========================================================================
Received Import Request.
  Time since last request: 0.000019 seconds.
  path: Assets/TextMesh Pro/Fonts/ButtonTextAsset.asset
  artifactKey: Guid(3933694687aead549a5667b7bd4b91cd) Importer(815301076,1909f56bfc062723c751e8b465ee728b)
Start importing Assets/TextMesh Pro/Fonts/ButtonTextAsset.asset using Guid(3933694687aead549a5667b7bd4b91cd) Importer(815301076,1909f56bfc062723c751e8b465ee728b)  -> (artifact id: '34a92b94c2e1449c66022c0bbfa19af1') in 0.016299 seconds
Number of updated asset objects reloaded before import = 0
Number of asset objects unloaded after import = 6
========================================================================
Received Import Request.
  Time since last request: 0.008457 seconds.
  path: Assets/Sprites/FOWsprite.png
  artifactKey: Guid(dc3fdbc781540604ca68ff3aa9cb007d) Importer(815301076,1909f56bfc062723c751e8b465ee728b)
Start importing Assets/Sprites/FOWsprite.png using Guid(dc3fdbc781540604ca68ff3aa9cb007d) Importer(815301076,1909f56bfc062723c751e8b465ee728b)  -> (artifact id: '42f41667c11cce4e74bcdbc49d24fac2') in 0.023477 seconds
Number of updated asset objects reloaded before import = 0
Number of asset objects unloaded after import = 3
========================================================================
Received Import Request.
  Time since last request: 0.000021 seconds.
  path: Assets/Textures/Desert/Sand/Ground054_2K-JPG_NormalGL.jpg
  artifactKey: Guid(7b2ac8614b514f147b9da009508f4719) Importer(815301076,1909f56bfc062723c751e8b465ee728b)
Start importing Assets/Textures/Desert/Sand/Ground054_2K-JPG_NormalGL.jpg using Guid(7b2ac8614b514f147b9da009508f4719) Importer(815301076,1909f56bfc062723c751e8b465ee728b)  -> (artifact id: '5f6e7834d3c92709fa57b82338f0400c') in 0.029785 seconds
Number of updated asset objects reloaded before import = 0
Number of asset objects unloaded after import = 2
========================================================================
Received Import Request.
  Time since last request: 0.000051 seconds.
  path: Assets/Textures/Desert/Sand/Ground054_2K-JPG_AmbientOcclusion.jpg
  artifactKey: Guid(66a06975abc445541968678d190ce845) Importer(815301076,1909f56bfc062723c751e8b465ee728b)
Start importing Assets/Textures/Desert/Sand/Ground054_2K-JPG_AmbientOcclusion.jpg using Guid(66a06975abc445541968678d190ce845) Importer(815301076,1909f56bfc062723c751e8b465ee728b)  -> (artifact id: '144ff773bcf598ba1601b14bafb5f1b5') in 0.024553 seconds
Number of updated asset objects reloaded before import = 0
Number of asset objects unloaded after import = 2
========================================================================
Received Import Request.
  Time since last request: 0.002682 seconds.
  path: Assets/Sprites/Button_RoundedRectangle_1024x512.png
  artifactKey: Guid(4ee4e13a8b56b11468d3a33e7ada0bdb) Importer(815301076,1909f56bfc062723c751e8b465ee728b)
Start importing Assets/Sprites/Button_RoundedRectangle_1024x512.png using Guid(4ee4e13a8b56b11468d3a33e7ada0bdb) Importer(815301076,1909f56bfc062723c751e8b465ee728b)  -> (artifact id: '8878f9dbc29fcc9ba9be3b384093c8a5') in 0.028927 seconds
Number of updated asset objects reloaded before import = 0
Number of asset objects unloaded after import = 3
========================================================================
Received Prepare
Begin MonoManager ReloadAssembly
- Loaded All Assemblies, in  0.413 seconds
Refreshing native plugins compatible for Editor in 1.46 ms, found 3 plugins.
Native extension for WindowsStandalone target not found
Native extension for iOS target not found
Native extension for Android target not found
[Package Manager] Server::EnsureServerProcessIsRunning -- launch failed, reason: Unity was launched with the -noUpm command-line argument
[Package Manager] UpmClient::Send -- Unable to send message (not connected to UPM process).
[Package Manager] Cannot connect to Unity Package Manager local server
Mono: successfully reloaded assembly
- Finished resetting the current domain, in  0.717 seconds
Domain Reload Profiling: 1127ms
	BeginReloadAssembly (147ms)
		ExecutionOrderSort (0ms)
		DisableScriptedObjects (6ms)
		BackupInstance (0ms)
		ReleaseScriptingObjects (0ms)
		CreateAndSetChildDomain (36ms)
	RebuildCommonClasses (46ms)
	RebuildNativeTypeToScriptingClass (10ms)
	initialDomainReloadingComplete (30ms)
	LoadAllAssembliesAndSetupDomain (177ms)
		LoadAssemblies (238ms)
		RebuildTransferFunctionScriptingTraits (0ms)
		AnalyzeDomain (15ms)
			TypeCache.Refresh (7ms)
				TypeCache.ScanAssembly (0ms)
			ScanForSourceGeneratedMonoScriptInfo (0ms)
			ResolveRequiredComponents (4ms)
	FinalizeReload (717ms)
		ReleaseScriptCaches (0ms)
		RebuildScriptCaches (0ms)
		SetupLoadedEditorAssemblies (344ms)
			LogAssemblyErrors (0ms)
			InitializePlatformSupportModulesInManaged (30ms)
			SetLoadedEditorAssemblies (4ms)
			RefreshPlugins (0ms)
			BeforeProcessingInitializeOnLoad (53ms)
			ProcessInitializeOnLoadAttributes (230ms)
			ProcessInitializeOnLoadMethodAttributes (18ms)
			AfterProcessingInitializeOnLoad (7ms)
			EditorAssembliesLoaded (0ms)
		ExecutionOrderSort2 (0ms)
		AwakeInstancesAfterBackupRestoration (7ms)
Refreshing native plugins compatible for Editor in 1.82 ms, found 3 plugins.
Preloading 0 native plugins for Editor in 0.00 ms.
Unloading 3097 Unused Serialized files (Serialized files now loaded: 0)
Unloading 22 unused Assets / (30.2 KB). Loaded Objects now: 3646.
Memory consumption went from 130.3 MB to 130.3 MB.
Total: 2.598200 ms (FindLiveObjects: 0.214100 ms CreateObjectMapping: 0.081100 ms MarkObjects: 2.252700 ms  DeleteObjects: 0.049100 ms)

Prepare: number of updated asset objects reloaded= 0
AssetImportParameters requested are different than current active one (requested -> active):
  custom:container-demuxer-ogg: 62fdf1f143b41e24485cea50d1cbac27 -> 
  custom:video-decoder-ogg-theora: a1e56fd34408186e4bbccfd4996cb3dc -> 
  custom:framework-win-MediaFoundation: 216162199b28c13a410421893ffa2e32 -> 
  custom:CustomObjectIndexerAttribute: 756ad292c208cfabdd7b50bc23989ffe -> 
  custom:container-demuxer-webm: 4f35f7cbe854078d1ac9338744f61a02 -> 
  custom:container-muxer-webm: aa71ff27fc2769a1b78a27578f13a17b -> 
  custom:video-decoder-webm-vp8: 9c59270c3fd7afecdb556c50c9e8de78 -> 
  custom:SearchIndexIgnoredProperties: e643bd26f0fe6173181afceb89e7c659 -> 
  custom:AudioImporter_EditorPlatform: d09bf68614088b80899f8185d706f6e7 -> 
  custom:video-encoder-webm-vp8: eb34c28f22e8b96e1ab97ce403110664 -> 
  custom:audio-decoder-ogg-vorbis: bf7c407c2cedff20999df2af8eb42d56 -> 
  custom:audio-encoder-webm-vorbis: bf7c407c2cedff20999df2af8eb42d56 -> 
Editor requested this worker to shutdown with reason: Scaling down because of idle timeout
TcpMessagingSession - receive error: operation aborted. errorcode: 995, details: The I/O operation has been aborted because of either a thread exit or an application request.
AssetImportWorker is now disconnected from the server
Process exiting
Exiting without the bug reporter. Application will terminate with return code 0